running egg_info
writing ../../build/robot_nodes/robot_nodes.egg-info/PKG-INFO
writing dependency_links to ../../build/robot_nodes/robot_nodes.egg-info/dependency_links.txt
writing entry points to ../../build/robot_nodes/robot_nodes.egg-info/entry_points.txt
writing requirements to ../../build/robot_nodes/robot_nodes.egg-info/requires.txt
writing top-level names to ../../build/robot_nodes/robot_nodes.egg-info/top_level.txt
reading manifest file '../../build/robot_nodes/robot_nodes.egg-info/SOURCES.txt'
writing manifest file '../../build/robot_nodes/robot_nodes.egg-info/SOURCES.txt'
running build
running build_py
copying robot_nodes/__init__.py -> /home/youssef/car-/build/robot_nodes/build/lib/robot_nodes
copying robot_nodes/publisher.py -> /home/youssef/car-/build/robot_nodes/build/lib/robot_nodes
copying robot_nodes/subscriber.py -> /home/youssef/car-/build/robot_nodes/build/lib/robot_nodes
copying robot_nodes/py.typed -> /home/youssef/car-/build/robot_nodes/build/lib/robot_nodes
running install
running install_lib
copying /home/youssef/car-/build/robot_nodes/build/lib/robot_nodes/publisher.py -> /home/youssef/car-/install/robot_nodes/lib/python3.14/site-packages/robot_nodes
copying /home/youssef/car-/build/robot_nodes/build/lib/robot_nodes/subscriber.py -> /home/youssef/car-/install/robot_nodes/lib/python3.14/site-packages/robot_nodes
byte-compiling /home/youssef/car-/install/robot_nodes/lib/python3.14/site-packages/robot_nodes/publisher.py to publisher.cpython-314.pyc
byte-compiling /home/youssef/car-/install/robot_nodes/lib/python3.14/site-packages/robot_nodes/subscriber.py to subscriber.cpython-314.pyc
running install_data
copying resource/robot_nodes -> /home/youssef/car-/install/robot_nodes/share/ament_index/resource_index/packages
copying package.xml -> /home/youssef/car-/install/robot_nodes/share/robot_nodes
running install_egg_info
removing '/home/youssef/car-/install/robot_nodes/lib/python3.14/site-packages/robot_nodes-0.0.0-py3.14.egg-info' (and everything under it)
Copying ../../build/robot_nodes/robot_nodes.egg-info to /home/youssef/car-/install/robot_nodes/lib/python3.14/site-packages/robot_nodes-0.0.0-py3.14.egg-info
running install_scripts
Installing publisher script to /home/youssef/car-/install/robot_nodes/lib/robot_nodes
Installing subscriber script to /home/youssef/car-/install/robot_nodes/lib/robot_nodes
writing list of installed files to '/home/youssef/car-/build/robot_nodes/install.log'
