[3.248s] Invoking command in '/home/youssef/car-/react/robot_nodes': DEBUGINFOD_URLS=https://debuginfod.ubuntu.com PYTHONPATH=/home/youssef/car-/build/robot_nodes/prefix_override:/usr/lib/python3/dist-packages/colcon_core/task/python/colcon_distutils_commands:/home/youssef/car-/install/robot_nodes/lib/python3.14/site-packages:${PYTHONPATH} /usr/bin/python3 -W ignore:setup.py install is deprecated -W ignore:easy_install command is deprecated setup.py egg_info --egg-base ../../build/robot_nodes build --build-base /home/youssef/car-/build/robot_nodes/build install --record /home/youssef/car-/build/robot_nodes/install.log --install-scripts $base/lib/robot_nodes --single-version-externally-managed install_data
[3.614s] running egg_info
[3.635s] creating ../../build/robot_nodes/robot_nodes.egg-info
[3.635s] writing ../../build/robot_nodes/robot_nodes.egg-info/PKG-INFO
[3.636s] writing dependency_links to ../../build/robot_nodes/robot_nodes.egg-info/dependency_links.txt
[3.636s] writing entry points to ../../build/robot_nodes/robot_nodes.egg-info/entry_points.txt
[3.636s] writing requirements to ../../build/robot_nodes/robot_nodes.egg-info/requires.txt
[3.636s] writing top-level names to ../../build/robot_nodes/robot_nodes.egg-info/top_level.txt
[3.636s] writing manifest file '../../build/robot_nodes/robot_nodes.egg-info/SOURCES.txt'
[3.683s] reading manifest file '../../build/robot_nodes/robot_nodes.egg-info/SOURCES.txt'
[3.685s] writing manifest file '../../build/robot_nodes/robot_nodes.egg-info/SOURCES.txt'
[3.687s] running build
[3.687s] running build_py
[3.687s] creating /home/youssef/car-/build/robot_nodes/build/lib/robot_nodes
[3.687s] copying robot_nodes/__init__.py -> /home/youssef/car-/build/robot_nodes/build/lib/robot_nodes
[3.687s] copying robot_nodes/publisher.py -> /home/youssef/car-/build/robot_nodes/build/lib/robot_nodes
[3.688s] copying robot_nodes/subscriber.py -> /home/youssef/car-/build/robot_nodes/build/lib/robot_nodes
[3.688s] copying robot_nodes/py.typed -> /home/youssef/car-/build/robot_nodes/build/lib/robot_nodes
[3.688s] running install
[3.692s] running install_lib
[3.722s] creating /home/youssef/car-/install/robot_nodes/lib/python3.14/site-packages/robot_nodes
[3.722s] copying /home/youssef/car-/build/robot_nodes/build/lib/robot_nodes/__init__.py -> /home/youssef/car-/install/robot_nodes/lib/python3.14/site-packages/robot_nodes
[3.722s] copying /home/youssef/car-/build/robot_nodes/build/lib/robot_nodes/py.typed -> /home/youssef/car-/install/robot_nodes/lib/python3.14/site-packages/robot_nodes
[3.722s] copying /home/youssef/car-/build/robot_nodes/build/lib/robot_nodes/publisher.py -> /home/youssef/car-/install/robot_nodes/lib/python3.14/site-packages/robot_nodes
[3.722s] copying /home/youssef/car-/build/robot_nodes/build/lib/robot_nodes/subscriber.py -> /home/youssef/car-/install/robot_nodes/lib/python3.14/site-packages/robot_nodes
[3.723s] byte-compiling /home/youssef/car-/install/robot_nodes/lib/python3.14/site-packages/robot_nodes/__init__.py to __init__.cpython-314.pyc
[3.723s] byte-compiling /home/youssef/car-/install/robot_nodes/lib/python3.14/site-packages/robot_nodes/publisher.py to publisher.cpython-314.pyc
[3.724s] byte-compiling /home/youssef/car-/install/robot_nodes/lib/python3.14/site-packages/robot_nodes/subscriber.py to subscriber.cpython-314.pyc
[3.724s] running install_data
[3.724s] creating /home/youssef/car-/install/robot_nodes/share/ament_index/resource_index/packages
[3.724s] copying resource/robot_nodes -> /home/youssef/car-/install/robot_nodes/share/ament_index/resource_index/packages
[3.724s] copying package.xml -> /home/youssef/car-/install/robot_nodes/share/robot_nodes
[3.724s] running install_egg_info
[3.745s] Copying ../../build/robot_nodes/robot_nodes.egg-info to /home/youssef/car-/install/robot_nodes/lib/python3.14/site-packages/robot_nodes-0.0.0-py3.14.egg-info
[3.746s] running install_scripts
[3.875s] Installing sensor_node script to /home/youssef/car-/install/robot_nodes/lib/robot_nodes
[3.875s] writing list of installed files to '/home/youssef/car-/build/robot_nodes/install.log'
[3.933s] Invoked command in '/home/youssef/car-/react/robot_nodes' returned '0': DEBUGINFOD_URLS=https://debuginfod.ubuntu.com PYTHONPATH=/home/youssef/car-/build/robot_nodes/prefix_override:/usr/lib/python3/dist-packages/colcon_core/task/python/colcon_distutils_commands:/home/youssef/car-/install/robot_nodes/lib/python3.14/site-packages:${PYTHONPATH} /usr/bin/python3 -W ignore:setup.py install is deprecated -W ignore:easy_install command is deprecated setup.py egg_info --egg-base ../../build/robot_nodes build --build-base /home/youssef/car-/build/robot_nodes/build install --record /home/youssef/car-/build/robot_nodes/install.log --install-scripts $base/lib/robot_nodes --single-version-externally-managed install_data
