[0.936s] Invoking command in '/home/youssef/car-/react/robot_nodes': DEBUGINFOD_URLS=https://debuginfod.ubuntu.com PYTHONPATH=/home/youssef/car-/build/robot_nodes/prefix_override:/usr/lib/python3/dist-packages/colcon_core/task/python/colcon_distutils_commands:/home/youssef/car-/install/robot_nodes/lib/python3.14/site-packages:${PYTHONPATH} /usr/bin/python3 -W ignore:setup.py install is deprecated -W ignore:easy_install command is deprecated setup.py egg_info --egg-base ../../build/robot_nodes build --build-base /home/youssef/car-/build/robot_nodes/build install --record /home/youssef/car-/build/robot_nodes/install.log --install-scripts $base/lib/robot_nodes --single-version-externally-managed install_data
[1.295s] running egg_info
[1.314s] writing ../../build/robot_nodes/robot_nodes.egg-info/PKG-INFO
[1.315s] writing dependency_links to ../../build/robot_nodes/robot_nodes.egg-info/dependency_links.txt
[1.315s] writing entry points to ../../build/robot_nodes/robot_nodes.egg-info/entry_points.txt
[1.315s] writing requirements to ../../build/robot_nodes/robot_nodes.egg-info/requires.txt
[1.315s] writing top-level names to ../../build/robot_nodes/robot_nodes.egg-info/top_level.txt
[1.361s] reading manifest file '../../build/robot_nodes/robot_nodes.egg-info/SOURCES.txt'
[1.363s] writing manifest file '../../build/robot_nodes/robot_nodes.egg-info/SOURCES.txt'
[1.365s] running build
[1.365s] running build_py
[1.367s] copying robot_nodes/__init__.py -> /home/youssef/car-/build/robot_nodes/build/lib/robot_nodes
[1.367s] copying robot_nodes/publisher.py -> /home/youssef/car-/build/robot_nodes/build/lib/robot_nodes
[1.367s] copying robot_nodes/subscriber.py -> /home/youssef/car-/build/robot_nodes/build/lib/robot_nodes
[1.367s] copying robot_nodes/py.typed -> /home/youssef/car-/build/robot_nodes/build/lib/robot_nodes
[1.368s] running install
[1.373s] running install_lib
[1.406s] running install_data
[1.407s] copying resource/robot_nodes -> /home/youssef/car-/install/robot_nodes/share/ament_index/resource_index/packages
[1.408s] copying package.xml -> /home/youssef/car-/install/robot_nodes/share/robot_nodes
[1.408s] running install_egg_info
[1.429s] removing '/home/youssef/car-/install/robot_nodes/lib/python3.14/site-packages/robot_nodes-0.0.0-py3.14.egg-info' (and everything under it)
[1.429s] Copying ../../build/robot_nodes/robot_nodes.egg-info to /home/youssef/car-/install/robot_nodes/lib/python3.14/site-packages/robot_nodes-0.0.0-py3.14.egg-info
[1.492s] running install_scripts
[1.595s] Installing sensor_node script to /home/youssef/car-/install/robot_nodes/lib/robot_nodes
[1.595s] writing list of installed files to '/home/youssef/car-/build/robot_nodes/install.log'
[1.646s] Invoked command in '/home/youssef/car-/react/robot_nodes' returned '0': DEBUGINFOD_URLS=https://debuginfod.ubuntu.com PYTHONPATH=/home/youssef/car-/build/robot_nodes/prefix_override:/usr/lib/python3/dist-packages/colcon_core/task/python/colcon_distutils_commands:/home/youssef/car-/install/robot_nodes/lib/python3.14/site-packages:${PYTHONPATH} /usr/bin/python3 -W ignore:setup.py install is deprecated -W ignore:easy_install command is deprecated setup.py egg_info --egg-base ../../build/robot_nodes build --build-base /home/youssef/car-/build/robot_nodes/build install --record /home/youssef/car-/build/robot_nodes/install.log --install-scripts $base/lib/robot_nodes --single-version-externally-managed install_data
